// Vitest Snapshot v1, https://vitest.dev/guide/snapshot.html

exports[`AboutUs.page set of tests > Should [match snapshot] on render 1`] = `
<div
  class="_aboutus_840296"
  data-testid="about-us-page"
>
  loading
  <button>
     reset 
  </button>
</div>
`;
