// Vitest Snapshot v1, https://vitest.dev/guide/snapshot.html

exports[`Aside component set of tests > Should [match snapshot] on render 1`] = `
<aside
  class="_aside_c9b81f"
  data-testid="aside"
/>
`;
