// Vitest Snapshot v1, https://vitest.dev/guide/snapshot.html

exports[`Br component set of tests > Should [match snapshot] on render 1`] = `
<br
  class="_br_f98558"
  data-testid="br"
/>
`;
