// Vitest Snapshot v1, https://vitest.dev/guide/snapshot.html

exports[`Column component set of tests > Should [match snapshot] on render 1`] = `
<div
  class="_column_1399ed"
  data-testid="app-column"
>
  Column
</div>
`;
