// Vitest Snapshot v1, https://vitest.dev/guide/snapshot.html

exports[`Footer component set of tests > Should [match snapshot] on render 1`] = `
<footer
  class="_footer_c63f3c"
  data-testid="footer"
/>
`;
