// Vitest Snapshot v1, https://vitest.dev/guide/snapshot.html

exports[`H3 component set of tests > Should [match snapshot] on render 1`] = `
<h3
  class="_h3_f7140c"
  data-testid="h3"
/>
`;
