// Vitest Snapshot v1, https://vitest.dev/guide/snapshot.html

exports[`LanguageBadge component set of tests > Should [match snapshot] on render 1`] = `
<div
  class="_language_badge_14f869"
  data-testid="language-badge"
/>
`;
