// Vitest Snapshot v1, https://vitest.dev/guide/snapshot.html

exports[`List component set of tests > Should [match snapshot] on render 1`] = `
<div
  class="_list_fcb5d7"
  data-testid="list"
>
  <ul
    class="_unordered_list_be7d17"
    data-testid="unordered-list"
  />
</div>
`;
