// Vitest Snapshot v1, https://vitest.dev/guide/snapshot.html

exports[`Main component set of tests > Should [match snapshot] on render 1`] = `
<main
  class="_main_7a8146"
  data-testid="main"
/>
`;
