// Vitest Snapshot v1, https://vitest.dev/guide/snapshot.html

exports[`Name component set of tests > Should [match snapshot] on render 1`] = `
<div
  class="_name_bf10d7"
  data-testid="name"
>
  <h5
    class="_h5_9da68e"
    data-testid="h5"
  >
    undefined undefined
  </h5>
</div>
`;
