// Vitest Snapshot v1, https://vitest.dev/guide/snapshot.html

exports[`Option component set of tests > Should [match snapshot] on render 1`] = `
<option
  class="_option_ebfea4"
  data-testid="option"
/>
`;
