// Vitest Snapshot v1, https://vitest.dev/guide/snapshot.html

exports[`Paragraph component set of tests > Should [match snapshot] on render 1`] = `
<div
  class="_paragraph_117e00"
  data-testid="paragraph"
/>
`;
