// Vitest Snapshot v1, https://vitest.dev/guide/snapshot.html

exports[`PostList component set of tests > Should [match snapshot] on render 1`] = `
<div
  class="_post_list_e0ed69"
  data-testid="post-list"
>
  <div
    class="_loader_68fe6b"
    data-testid="loader"
    style="z-index: 9010;"
  >
    Loading...
  </div>
</div>
`;
