// Vitest Snapshot v1, https://vitest.dev/guide/snapshot.html

exports[`PostCard component set of tests > Should [match snapshot] on render 1`] = `
<div
  class="_post_card_0985db"
  data-testid="post-card"
/>
`;
