// Vitest Snapshot v1, https://vitest.dev/guide/snapshot.html

exports[`RatingBadge component set of tests > Should [match snapshot] on render 1`] = `
<div
  class="_rating_badge_4d7ffa"
  data-testid="rating-badge"
>
  <p
    class="_text_866a1a"
    data-testid="text"
    style="font-family: inherit; font-weight: inherit; font-style: inherit; color: rgb(0, 0, 0); cursor: initial;"
  >
    undefined
  </p>
</div>
`;
