// Vitest Snapshot v1, https://vitest.dev/guide/snapshot.html

exports[`SearchBar component set of tests > Should [match snapshot] on render 1`] = `
<div
  class="_search_bar_ea9aeb"
  data-testid="search-bar"
>
  <input
    class="_input_e7e66c"
    data-testid="input"
  />
</div>
`;
