// Vitest Snapshot v1, https://vitest.dev/guide/snapshot.html

exports[`Section component set of tests > Should [match snapshot] on render 1`] = `
<section
  class="_section_301cfd"
  data-testid="section"
/>
`;
