// Vitest Snapshot v1, https://vitest.dev/guide/snapshot.html

exports[`Select component set of tests > Should [match snapshot] on render 1`] = `
<select
  class="_select_e45cc4"
  data-testid="select"
/>
`;
