// Vitest Snapshot v1, https://vitest.dev/guide/snapshot.html

exports[`Sidebar component set of tests > Should [match snapshot] on render 1`] = `
<aside
  class="_sidebar_273ffd"
  data-testid="sidebar"
>
  Sidebar
</aside>
`;
