// Vitest Snapshot v1, https://vitest.dev/guide/snapshot.html

exports[`TimeAgoBadge component set of tests > Should [match snapshot] on render 1`] = `
<div
  class="_time_ago_badge_d08673"
  data-testid="time-ago-badge"
/>
`;
